
  [32m[1mVITE[22m v5.4.21[39m  [2mready in [0m[1m409[22m[2m[0m ms[22m

  [32m➜[39m  [1mLocal[22m:   [36mhttp://127.0.0.1:[1m5173[22m/[39m
[2m14:03:57[22m [36m[1m[vite][22m[39m [32mhmr update [39m[2m/src/components/ProjectWiseUsersTab.tsx, /src/styles.css[22m
[2m14:03:57[22m [36m[1m[vite][22m[39m [32mhmr update [39m[2m/src/components/E365UsagePanel.tsx, /src/styles.css[22m
[2m14:07:20[22m [36m[1m[vite][22m[39m [32mhmr update [39m[2m/src/components/E365UsagePanel.tsx, /src/styles.css[22m
[2m14:07:20[22m [36m[1m[vite][22m[39m [32mhmr update [39m[2m/src/pages/DashboardPage.tsx, /src/styles.css[22m
[2m14:07:20[22m [36m[1m[vite][22m[39m [32mhmr update [39m[2m/src/components/ProjectWiseUsersTab.tsx, /src/styles.css[22m
[2m14:07:42[22m [36m[1m[vite][22m[39m [32mhmr update [39m[2m/src/components/E365UsagePanel.tsx, /src/styles.css[22m
[2m14:08:15[22m [36m[1m[vite][22m[39m [32mhmr update [39m[2m/src/pages/DashboardPage.tsx, /src/styles.css[22m
[2m14:08:31[22m [36m[1m[vite][22m[39m [32mhmr update [39m[2m/src/pages/DashboardPage.tsx, /src/styles.css[22m
[2m14:13:57[22m [36m[1m[vite][22m[39m [32mhmr update [39m[2m/src/components/E365UsagePanel.tsx, /src/styles.css[22m
[2m14:16:05[22m [36m[1m[vite][22m[39m [32mhmr update [39m[2m/src/components/E365UsagePanel.tsx, /src/styles.css[22m
[2m14:18:15[22m [36m[1m[vite][22m[39m [32mhmr update [39m[2m/src/styles.css, /src/components/E365UsagePanel.tsx[22m
[2m14:18:15[22m [36m[1m[vite][22m[39m [32mhmr update [39m[2m/src/components/E365UsagePanel.tsx, /src/styles.css[22m
[2m14:19:22[22m [36m[1m[vite][22m[39m [32mhmr update [39m[2m/src/components/E365UsagePanel.tsx, /src/styles.css[22m
[2m14:20:37[22m [36m[1m[vite][22m[39m [32mhmr update [39m[2m/src/components/E365UsagePanel.tsx, /src/styles.css[22m
[2m14:49:34[22m [36m[1m[vite][22m[39m [32mhmr update [39m[2m/src/components/ProjectWiseUsersTab.tsx, /src/styles.css[22m
[2m14:49:34[22m [36m[1m[vite][22m[39m [32mhmr update [39m[2m/src/components/E365UsagePanel.tsx, /src/styles.css[22m
[2m14:49:48[22m [36m[1m[vite][22m[39m [32mhmr update [39m[2m/src/pages/DashboardPage.tsx, /src/styles.css[22m
[2m15:06:04[22m [36m[1m[vite][22m[39m [32mhmr update [39m[2m/src/pages/DashboardPage.tsx, /src/styles.css[22m
[2m15:06:17[22m [36m[1m[vite][22m[39m [32mhmr update [39m[2m/src/pages/DashboardPage.tsx, /src/styles.css[22m
[2m15:06:33[22m [36m[1m[vite][22m[39m [32mhmr update [39m[2m/src/pages/DashboardPage.tsx, /src/styles.css[22m
[2m15:06:33[22m [36m[1m[vite][22m[39m [32mhmr update [39m[2m/src/components/E365UsagePanel.tsx, /src/styles.css[22m
[2m15:07:13[22m [36m[1m[vite][22m[39m [32mhmr update [39m[2m/src/pages/DashboardPage.tsx, /src/styles.css[22m
[2m15:07:24[22m [36m[1m[vite][22m[39m [32mhmr update [39m[2m/src/pages/DashboardPage.tsx, /src/styles.css[22m
[2m15:22:30[22m [36m[1m[vite][22m[39m [32mhmr update [39m[2m/src/styles.css, /src/components/E365UsagePanel.tsx[22m
[2m15:35:44[22m [36m[1m[vite][22m[39m [32mhmr update [39m[2m/src/pages/DashboardPage.tsx, /src/styles.css[22m
[2m15:36:04[22m [36m[1m[vite][22m[39m [32mhmr update [39m[2m/src/pages/DashboardPage.tsx, /src/styles.css[22m
[2m15:36:26[22m [36m[1m[vite][22m[39m [32mhmr update [39m[2m/src/pages/DashboardPage.tsx, /src/styles.css[22m
[2m15:41:54[22m [36m[1m[vite][22m[39m [32mhmr update [39m[2m/src/components/E365UsagePanel.tsx, /src/styles.css[22m
[2m15:50:12[22m [36m[1m[vite][22m[39m [32mhmr update [39m[2m/src/styles.css, /src/components/E365UsagePanel.tsx[22m
[2m15:50:12[22m [36m[1m[vite][22m[39m [32mhmr update [39m[2m/src/components/E365UsagePanel.tsx, /src/styles.css[22m
[2m15:50:23[22m [36m[1m[vite][22m[39m [32mhmr update [39m[2m/src/styles.css, /src/components/E365UsagePanel.tsx[22m
[2m16:05:37[22m [36m[1m[vite][22m[39m [32mhmr update [39m[2m/src/styles.css, /src/components/E365UsagePanel.tsx[22m
[2m16:05:37[22m [36m[1m[vite][22m[39m [32mhmr update [39m[2m/src/components/E365UsagePanel.tsx, /src/styles.css[22m
[2m16:05:56[22m [36m[1m[vite][22m[39m [32mhmr update [39m[2m/src/components/E365UsagePanel.tsx, /src/styles.css[22m
[2m16:06:32[22m [36m[1m[vite][22m[39m [32mhmr update [39m[2m/src/components/E365UsagePanel.tsx, /src/styles.css[22m
